// Jest Snapshot v1, https://goo.gl/fbAQLP

exports[`one-page app 1`] = `"<div>Hello!!!!!</div>"`;
